[thecave.ec/index.html]
[thecave.ec/wp-content/uploads/2022/05/Apple-ID-icon.png]
[backblue.gif]
[fade.gif]
[index.html]
[thecave.ec/wp-content/uploads/2022/05/Favicon-cave.png]
[thecave.ec/wp-content/plugins/instagram-feed/css/sbi-styles.minae48.css]
[thecave.ec/wp-includes/css/dist/block-library/style.minf801.css]
[thecave.ec/feed/index.html]
[thecave.ec/wp-content/plugins/contact-form-7/includes/css/styles41a3.css]
[thecave.ec/comments/feed/index.html]
[thecave.ec/sample-page/feed/index.html]
[thecave.ec/wp-content/themes/betheme/assets/animations/animations.minf550.css]
[thecave.ec/wp-content/themes/betheme/css/bef550.css]
[thecave.ec/wp-content/themes/betheme/fonts/fontawesome/fontawesomef550.css]
[thecave.ec/wp-content/themes/betheme/assets/jplayer/css/jplayer.blue.monday.minf550.css]
[thecave.ec/wp-content/themes/betheme/css/responsivef550.css]
[thecave.ec/wp-content/plugins/elementor/assets/lib/eicons/css/elementor-icons.mind618.css]
[thecave.ec/wp-content/plugins/elementor/assets/css/frontend-lite.min6319.css]
[thecave.ec/wp-content/plugins/elementor/assets/lib/swiper/css/swiper.min48f5.css]
[thecave.ec/wp-content/uploads/elementor/css/post-600b28.css]
[thecave.ec/wp-content/plugins/elementor/assets/lib/font-awesome/css/all.min6319.css]
[thecave.ec/wp-content/plugins/elementor/assets/lib/font-awesome/css/v4-shims.min6319.css]
[thecave.ec/wp-content/uploads/elementor/css/post-2c442.css]
[thecave.ec/wp-content/plugins/elementor/assets/lib/font-awesome/css/fontawesome.min52d5.css]
[thecave.ec/wp-content/plugins/elementor/assets/lib/font-awesome/css/brands.min52d5.css]
[thecave.ec/wp-includes/js/jquery/jquery.min3088.js]
[thecave.ec/wp-includes/js/jquery/jquery-migrate.min5589.js]
[thecave.ec/wp-content/plugins/elementor/assets/lib/font-awesome/js/v4-shims.min6319.js]
[thecave.ec/wp-json/index.html]
[thecave.ec/wp-json/wp/v2/pages/2.json]
[thecave.ec/xmlrpc0db0.php]
[thecave.ec/wp-json/oembed/1.0/embedf515.json]
[thecave.ec/wp-json/oembed/1.0/embed1641]
[thecave.ec/wp-content/uploads/2022/05/Logo-The-Cave_3.svg]
[thecave.ec/wp-content/plugins/revslider/public/assets/assets/dummy.png]
[thecave.ec/wp-content/uploads/2022/05/foto1-750x1024.png]
[thecave.ec/wp-content/uploads/2022/05/logoescala.svg]
[thecave.ec/contact-us/index.html]
[thecave.ec/wp-content/uploads/2022/05/logojardin.svg]
[thecave.ec/wp-content/uploads/2022/05/logopaseo.svg]
[thecave.ec/wp-content/uploads/2022/08/Logo-Rio-Centro.svg]
[thecave.ec/wp-content/plugins/instagram-feed/img/placeholder.png]
[thecave.ec/wp-admin/admin-ajax.php]
[thecave.ec/wp-content/plugins/revslider/public/assets/fonts/font-awesome/fonts/fontawesome-webfont3e6e.woff2]
[thecave.ec/wp-content/uploads/2022/05/Logo-The-Cave_2.svg]
[thecave.ec/wp-content/plugins/revslider/public/assets/fonts/font-awesome/css/font-awesome.css]
[thecave.ec/wp-content/themes/betheme/functions/plugins/elementor/assets/elementorf801.css]
[thecave.ec/wp-content/plugins/elementor/assets/lib/animations/animations.min6319.css]
[thecave.ec/wp-content/plugins/revslider/public/assets/css/rs6f225.css]
[thecave.ec/wp-content/plugins/contact-form-7/includes/swv/js/index41a3.js]
[thecave.ec/wp-content/plugins/contact-form-7/includes/js/index41a3.js]
[thecave.ec/wp-content/plugins/revslider/public/assets/js/rbtools.min8331.js]
[thecave.ec/wp-content/plugins/revslider/public/assets/js/rs6.minf225.js]
[thecave.ec/wp-includes/js/jquery/ui/core.min3f14.js]
[thecave.ec/wp-includes/js/jquery/ui/tabs.min3f14.js]
[thecave.ec/wp-content/themes/betheme/js/pluginsf550.js]
[thecave.ec/wp-content/themes/betheme/js/menuf550.js]
[thecave.ec/wp-content/themes/betheme/assets/animations/animations.minf550.js]
[thecave.ec/wp-content/themes/betheme/assets/jplayer/jplayer.minf550.js]
[thecave.ec/wp-content/themes/betheme/js/parallax/translate3df550.js]
[thecave.ec/wp-content/themes/betheme/js/scriptsf550.js]
[thecave.ec/wp-content/plugins/instagram-feed/js/sbi-scripts.minae48.js]
[thecave.ec/wp-content/plugins/elementor/assets/js/webpack.runtime.min6319.js]
[thecave.ec/wp-content/plugins/elementor/assets/js/frontend-modules.min6319.js]
[thecave.ec/wp-content/plugins/elementor/assets/lib/waypoints/waypoints.min05da.js]
[thecave.ec/wp-content/plugins/elementor/assets/js/frontend.min6319.js]
[thecave.ec/index.html]
[thecave.ec/wp-content/plugins/instagram-feed/css/sbi-styles.minae48.css]
[thecave.ec/wp-includes/css/dist/block-library/style.minf801.css]
[thecave.ec/wp-content/plugins/contact-form-7/includes/css/styles41a3.css]
[thecave.ec/wp-content/themes/betheme/fonts/mfn/icons4cdc.eot]
[thecave.ec/wp-content/themes/betheme/fonts/mfn/icons4cdc.woff]
[thecave.ec/wp-content/themes/betheme/fonts/mfn/icons4cdc.ttf]
[thecave.ec/wp-content/themes/betheme/fonts/mfn/icons4cdc.svg]
[thecave.ec/wp-content/themes/betheme/muffin-options/svg/be-mono.svg]
[thecave.ec/wp-content/themes/betheme/images/stripes/stripes_5_b.png]
[thecave.ec/wp-content/themes/betheme/images/stripes/stripes_3_b.png]
[thecave.ec/wp-content/themes/betheme/images/preloader.gif]
[thecave.ec/wp-content/themes/betheme/images/box_shadow.png]
[thecave.ec/wp-content/themes/betheme/images/blog_masonry_tile_gradient.png]
[thecave.ec/wp-content/themes/betheme/images/timeline_right.png]
[thecave.ec/wp-content/themes/betheme/images/recent_comments.png]
[thecave.ec/wp-content/themes/betheme/images/stripes/stripes_10_w.png]
[thecave.ec/wp-content/themes/betheme/images/videomask.png]
[thecave.ec/wp-content/themes/betheme/images/stripes/textline_dark.png]
[thecave.ec/wp-content/themes/betheme/images/fancy_heading_hr_dark.png]
[thecave.ec/wp-content/themes/betheme/images/stripes/stripes_10_b.png]
[thecave.ec/wp-content/themes/betheme/images/timeline_top.png]
[thecave.ec/wp-content/themes/betheme/images/timeline_left.png]
[thecave.ec/wp-content/themes/betheme/images/fancy_heading_hr.png]
[thecave.ec/wp-content/themes/betheme/images/bg_panel.png]
[thecave.ec/wp-content/themes/betheme/css/bef550.css]
[thecave.ec/wp-content/themes/betheme/assets/animations/animations.minf550.css]
[thecave.ec/wp-content/themes/betheme/fonts/fontawesome/fa-brands-400.eot]
[thecave.ec/wp-content/themes/betheme/fonts/fontawesome/fa-brands-400d41d.eot]
[thecave.ec/wp-content/themes/betheme/fonts/fontawesome/fa-brands-400.woff2]
[thecave.ec/wp-content/themes/betheme/fonts/fontawesome/fa-brands-400.woff]
[thecave.ec/wp-content/themes/betheme/fonts/fontawesome/fa-brands-400.ttf]
[thecave.ec/wp-content/themes/betheme/fonts/fontawesome/fa-regular-400.eot]
[thecave.ec/wp-content/themes/betheme/fonts/fontawesome/fa-brands-400.svg]
[thecave.ec/wp-content/themes/betheme/fonts/fontawesome/fa-regular-400d41d.eot]
[thecave.ec/wp-content/themes/betheme/fonts/fontawesome/fa-regular-400.woff2]
[thecave.ec/wp-content/themes/betheme/fonts/fontawesome/fa-regular-400.woff]
[thecave.ec/wp-content/themes/betheme/fonts/fontawesome/fa-regular-400.ttf]
[thecave.ec/wp-content/themes/betheme/fonts/fontawesome/fa-regular-400.svg]
[thecave.ec/wp-content/themes/betheme/fonts/fontawesome/fa-solid-900.eot]
[thecave.ec/wp-content/themes/betheme/fonts/fontawesome/fa-solid-900d41d.eot]
[thecave.ec/wp-content/themes/betheme/fonts/fontawesome/fa-solid-900.woff2]
[thecave.ec/wp-content/themes/betheme/fonts/fontawesome/fa-solid-900.woff]
[thecave.ec/wp-content/themes/betheme/fonts/fontawesome/fa-solid-900.ttf]
[thecave.ec/wp-content/themes/betheme/fonts/fontawesome/fontawesomef550.css]
[thecave.ec/wp-content/themes/betheme/assets/jplayer/css/jplayer.png]
[thecave.ec/wp-content/themes/betheme/assets/jplayer/css/jplayer.blue.monday.jpg]
[thecave.ec/wp-content/themes/betheme/assets/jplayer/css/jplayer.blue.monday.seeking.gif]
[thecave.ec/wp-content/themes/betheme/assets/jplayer/css/jplayer.blue.monday.minf550.css]
[thecave.ec/wp-content/themes/betheme/css/responsivef550.css]
[thecave.ec/wp-content/themes/betheme/fonts/fontawesome/fa-solid-900.svg]
[thecave.ec/wp-content/plugins/elementor/assets/lib/eicons/fonts/eicons66e9.eot]
[thecave.ec/wp-content/plugins/elementor/assets/lib/eicons/fonts/eicons66e9.woff2]
[thecave.ec/wp-content/plugins/elementor/assets/lib/eicons/fonts/eicons66e9.woff]
[thecave.ec/wp-content/plugins/elementor/assets/lib/eicons/fonts/eicons66e9.ttf]
[thecave.ec/wp-content/plugins/elementor/assets/lib/eicons/css/elementor-icons.mind618.css]
[thecave.ec/wp-content/plugins/elementor/assets/css/frontend-lite.min6319.css]
[thecave.ec/wp-content/plugins/elementor/assets/lib/swiper/css/swiper.min48f5.css]
[thecave.ec/wp-content/uploads/elementor/css/post-600b28.css]
[thecave.ec/wp-content/plugins/elementor/assets/lib/eicons/fonts/eicons66e9.svg]
[thecave.ec/wp-content/plugins/elementor/assets/lib/font-awesome/webfonts/fa-brands-400.eot]
[thecave.ec/wp-content/plugins/elementor/assets/lib/font-awesome/webfonts/fa-brands-400d41d.eot]
[thecave.ec/wp-content/plugins/elementor/assets/lib/font-awesome/webfonts/fa-brands-400.woff2]
[thecave.ec/wp-content/plugins/elementor/assets/lib/font-awesome/webfonts/fa-brands-400.woff]
[thecave.ec/wp-content/plugins/elementor/assets/lib/font-awesome/webfonts/fa-brands-400.ttf]
[thecave.ec/wp-content/plugins/elementor/assets/lib/font-awesome/webfonts/fa-regular-400.eot]
[thecave.ec/wp-content/plugins/elementor/assets/lib/font-awesome/webfonts/fa-regular-400d41d.eot]
[thecave.ec/wp-content/plugins/elementor/assets/lib/font-awesome/webfonts/fa-regular-400.woff2]
[thecave.ec/wp-content/plugins/elementor/assets/lib/font-awesome/webfonts/fa-brands-400.svg]
[thecave.ec/wp-content/plugins/elementor/assets/lib/font-awesome/webfonts/fa-regular-400.woff]
[thecave.ec/wp-content/plugins/elementor/assets/lib/font-awesome/webfonts/fa-regular-400.ttf]
[thecave.ec/wp-content/plugins/elementor/assets/lib/font-awesome/webfonts/fa-regular-400.svg]
[thecave.ec/wp-content/plugins/elementor/assets/lib/font-awesome/webfonts/fa-solid-900.eot]
[thecave.ec/wp-content/plugins/elementor/assets/lib/font-awesome/webfonts/fa-solid-900d41d.eot]
[thecave.ec/wp-content/plugins/elementor/assets/lib/font-awesome/webfonts/fa-solid-900.woff2]
[thecave.ec/wp-content/plugins/elementor/assets/lib/font-awesome/webfonts/fa-solid-900.woff]
[thecave.ec/wp-content/plugins/elementor/assets/lib/font-awesome/webfonts/fa-solid-900.ttf]
[thecave.ec/wp-content/plugins/elementor/assets/lib/font-awesome/css/all.min6319.css]
[thecave.ec/wp-content/plugins/elementor/assets/lib/font-awesome/css/v4-shims.min6319.css]
[thecave.ec/wp-content/uploads/2022/05/fondo3-scaled.jpg]
[thecave.ec/wp-content/plugins/elementor/assets/lib/font-awesome/webfonts/fa-solid-900.svg]
[thecave.ec/wp-content/uploads/2022/05/fondo4-scaled.jpg]
[thecave.ec/wp-content/uploads/elementor/css/post-2c442.css]
[thecave.ec/wp-content/plugins/elementor/assets/lib/font-awesome/css/fontawesome.min52d5.css]
[thecave.ec/wp-content/plugins/elementor/assets/lib/font-awesome/css/brands.min52d5.css]
[thecave.ec/wp-includes/js/jquery/jquery.min3088.js]
[thecave.ec/wp-includes/js/jquery/jquery-migrate.min5589.js]
[thecave.ec/wp-content/plugins/elementor/assets/lib/font-awesome/js/v4-shims.min6319.js]
[thecave.ec/wp-content/uploads/2022/05/Logo-The-Cave_3.svg]
[thecave.ec/wp-content/uploads/elementor/css/post-195ce1.css]
[thecave.ec/Trident/index.html]
[thecave.ec/wp-json/wp/v2/pages/19.json]
[thecave.ec/wp-json/oembed/1.0/embed86c5.json]
[thecave.ec/wp-json/oembed/1.0/embed3c41]
[thecave.ec/wp-content/uploads/forminator/336_5dd9466297d62365484e059126f0996d/css/style-3363129.css]
[thecave.ec/wp-content/plugins/forminator/assets/forminator-ui/css/forminator-icons.minae6d.css]
[thecave.ec/wp-content/plugins/forminator/assets/forminator-ui/css/src/forminator-utilities.minae6d.css]
[thecave.ec/wp-content/plugins/forminator/assets/forminator-ui/css/src/grid/forminator-grid.open.minae6d.css]
[thecave.ec/wp-content/plugins/forminator/assets/forminator-ui/css/src/form/forminator-form-flat.base.minae6d.css]
[thecave.ec/wp-content/plugins/forminator/assets/forminator-ui/css/src/form/forminator-form-flat.full.minae6d.css]
[thecave.ec/wp-content/plugins/forminator/assets/css/intlTelInput.minfa0c.css]
[thecave.ec/wp-includes/css/buttons.minf801.css]
[thecave.ec/wp-content/plugins/forminator/assets/js/library/jquery.validate.minae6d.js]
[thecave.ec/wp-content/plugins/forminator/assets/forminator-ui/js/forminator-form.minae6d.js]
[thecave.ec/wp-content/plugins/forminator/build/front/front.multi.minae6d.js]
[thecave.ec/wp-content/plugins/forminator/assets/js/library/intlTelInput.minae6d.js]
[thecave.ec/wp-content/plugins/forminator/assets/js/library/cleave.minae6d.js]
[thecave.ec/contact-us/index.html]
[thecave.ec/wp-content/uploads/2022/05/logoescala.svg]
[thecave.ec/wp-content/uploads/2022/05/logojardin.svg]
[thecave.ec/wp-content/uploads/2022/05/logopaseo.svg]
[thecave.ec/wp-content/uploads/2022/08/Logo-Rio-Centro.svg]
[thecave.ec/wp-content/uploads/2022/05/Logo-The-Cave_2.svg]
[thecave.ec/wp-admin/admin-ajax.html]
[thecave.ec/wp-content/plugins/revslider/public/assets/fonts/font-awesome/fonts/fontawesome-webfont3e6e.eot]
[thecave.ec/wp-content/plugins/forminator/assets/js/library/cleave-phone.i18nae6d.js]
[thecave.ec/wp-content/plugins/revslider/public/assets/fonts/font-awesome/fonts/fontawesome-webfontd41d.eot]
[thecave.ec/wp-content/plugins/revslider/public/assets/fonts/font-awesome/fonts/fontawesome-webfont3e6e.woff]
[thecave.ec/wp-content/plugins/revslider/public/assets/fonts/font-awesome/fonts/fontawesome-webfont3e6e.ttf]
[thecave.ec/wp-content/plugins/revslider/public/assets/fonts/font-awesome/css/font-awesome.css]
[thecave.ec/wp-content/themes/betheme/functions/plugins/elementor/assets/elementorf801.css]
[thecave.ec/wp-content/plugins/elementor/assets/lib/animations/animations.min6319.css]
[thecave.ec/wp-content/plugins/revslider/public/assets/fonts/revicons/revicons90c6.eot]
[thecave.ec/wp-content/plugins/revslider/public/assets/fonts/revicons/revicons90c6.woff]
[thecave.ec/wp-content/plugins/revslider/public/assets/fonts/font-awesome/fonts/fontawesome-webfont3e6e.svg]
[thecave.ec/wp-content/plugins/revslider/public/assets/fonts/revicons/revicons90c6.ttf]
[thecave.ec/wp-content/plugins/revslider/public/assets/fonts/revicons/revicons90c6.svg]
[thecave.ec/wp-content/plugins/revslider/public/assets/css/openhand.cur]
[thecave.ec/wp-content/plugins/revslider/public/assets/css/closedhand.cur]
[thecave.ec/wp-content/plugins/revslider/public/assets/assets/gridtile.png]
[thecave.ec/wp-content/plugins/revslider/public/assets/assets/gridtile_white.png]
[thecave.ec/wp-content/plugins/revslider/public/assets/assets/gridtile_3x3.png]
[thecave.ec/wp-content/plugins/revslider/public/assets/assets/gridtile_3x3_white.png]
[thecave.ec/wp-content/plugins/revslider/public/assets/assets/coloredbg.png]
[thecave.ec/wp-content/plugins/revslider/public/assets/assets/loader.gif]
[thecave.ec/wp-content/plugins/revslider/public/assets/css/rs6f225.css]
[thecave.ec/wp-content/plugins/contact-form-7/includes/swv/js/index41a3.js]
[thecave.ec/wp-content/plugins/contact-form-7/includes/js/index41a3.js]
[thecave.ec/wp-content/plugins/revslider/public/assets/js/rbtools.min8331.js]
[thecave.ec/dummy.png]
[thecave.ec/the-band/index.html]
[thecave.ec/wp-content/plugins/revslider/public/assets/js/rs6.minf225.js]
[thecave.ec/wp-includes/js/jquery/ui/core.min3f14.js]
[thecave.ec/wp-includes/js/jquery/ui/tabs.min3f14.js]
[player.vimeo.com/api/player.js]
[thecave.ec/wp-content/themes/betheme/js/pluginsf550.js]
[thecave.ec/wp-content/themes/betheme/js/menuf550.js]
[thecave.ec/wp-content/themes/betheme/assets/animations/animations.minf550.js]
[thecave.ec/wp-content/themes/betheme/assets/jplayer/jplayer.minf550.js]
[thecave.ec/wp-content/themes/betheme/js/parallax/translate3df550.js]
[thecave.ec/wp-content/themes/betheme/js/scriptsf550.js]
[thecave.ec/wp-content/plugins/instagram-feed/js/sbi-scripts.minae48.js]
[thecave.ec/wp-content/plugins/elementor/assets/js/webpack.runtime.min6319.js]
[thecave.ec/wp-content/plugins/elementor/assets/js/frontend-modules.min6319.js]
[thecave.ec/wp-content/plugins/elementor/assets/lib/waypoints/waypoints.min05da.js]
[thecave.ec/-negative.svg]
[thecave.ec/wp-content/plugins/elementor/assets/js/frontend.min6319.js]
[thecave.ec/wp-content/themes/betheme/fonts/mfn/icons4cdc.svg]
[thecave.ec/wp-content/themes/betheme/muffin-options/svg/be-mono.svg]
[thecave.ec/wp-content/themes/betheme/fonts/fontawesome/fa-brands-400.svg]
[thecave.ec/wp-content/themes/betheme/fonts/fontawesome/fa-regular-400.svg]
[thecave.ec/OPR/index.html]
[thecave.ec/wp-content/themes/betheme/fonts/fontawesome/fa-solid-900.svg]
[thecave.ec/wp-content/plugins/elementor/assets/lib/eicons/fonts/eicons66e9.svg]
[thecave.ec/wp-content/plugins/elementor/assets/lib/font-awesome/webfonts/fa-brands-400.svg]
[thecave.ec/wp-content/plugins/elementor/assets/lib/font-awesome/webfonts/fa-regular-400.svg]
[thecave.ec/wp-content/plugins/elementor/assets/lib/font-awesome/webfonts/fa-solid-900.svg]
[thecave.ec/Trident/index.html]
[thecave.ec/wp-content/uploads/2022/07/vintage-frame-salon-tools-jobs-career-concept1-scaled.jpg]
[thecave.ec/wp-content/uploads/elementor/css/post-195ce1.css]
[thecave.ec/index5831.html]
[thecave.ec/wp-content/uploads/betheme/css/post-19fbdf.css]
[thecave.ec/wp-content/uploads/forminator/336_5dd9466297d62365484e059126f0996d/css/style-3363129.css]
[thecave.ec/wp-content/plugins/forminator/assets/forminator-ui/fonts/forminator-icons-font8782.eot]
[thecave.ec/wp-content/plugins/forminator/assets/forminator-ui/fonts/forminator-icons-font8782.woff2]
[thecave.ec/wp-content/plugins/forminator/assets/forminator-ui/fonts/forminator-icons-font8782.woff]
[thecave.ec/wp-content/plugins/forminator/assets/forminator-ui/fonts/forminator-icons-font8782.ttf]
[thecave.ec/wp-content/plugins/forminator/assets/forminator-ui/fonts/forminator-icons-font8782.svg]
[thecave.ec/wp-content/plugins/forminator/assets/forminator-ui/css/forminator-icons.minae6d.css]
[thecave.ec/wp-content/plugins/forminator/assets/forminator-ui/css/src/forminator-utilities.minae6d.css]
[thecave.ec/wp-content/plugins/forminator/assets/forminator-ui/css/src/grid/forminator-grid.open.minae6d.css]
[thecave.ec/wp-content/plugins/forminator/assets/forminator-ui/css/src/form/forminator-form-flat.base.minae6d.css]
[thecave.ec/wp-content/plugins/forminator/assets/forminator-ui/css/src/form/forminator-form-flat.full.minae6d.css]
[thecave.ec/wp-content/plugins/forminator/assets/img/flags.png]
[thecave.ec/wp-content/plugins/forminator/assets/img/flags@2x.png]
[thecave.ec/wp-content/plugins/forminator/assets/css/intlTelInput.minfa0c.css]
[thecave.ec/wp-includes/css/buttons.minf801.css]
[thecave.ec/wp-content/plugins/forminator/assets/js/library/jquery.validate.minae6d.js]
[thecave.ec/wp-content/plugins/forminator/assets/forminator-ui/js/forminator-form.minae6d.js]
[thecave.ec/wp-content/plugins/forminator/build/front/front.multi.minae6d.js]
[thecave.ec/wp-content/plugins/forminator/assets/js/library/intlTelInput.minae6d.js]
[thecave.ec/wp-content/plugins/forminator/assets/js/library/cleave.minae6d.js]
[thecave.ec/wp-content/plugins/forminator/assets/js/library/cleave-phone.i18nae6d.js]
[thecave.ec/wp-content/plugins/revslider/public/assets/fonts/font-awesome/fonts/fontawesome-webfont3e6e.svg]
[thecave.ec/wp-content/plugins/revslider/public/assets/fonts/revicons/revicons90c6.svg]
[thecave.ec/wp-content/uploads/elementor/css/post-130522.css]
[thecave.ec/wp-json/wp/v2/pages/13.json]
[thecave.ec/wp-json/oembed/1.0/embeda8da.json]
[thecave.ec/wp-json/oembed/1.0/embed74e7]
[thecave.ec/wp-content/uploads/2019/11/band4-home-pic2-690x1024.jpg]
[thecave.ec/wp-content/uploads/2019/11/band4-about-pic4-690x1024.jpg]
[thecave.ec/wp-content/uploads/2019/11/band4-about-pic1.jpg]
[thecave.ec/wp-content/uploads/2019/11/band4-about-pic2.jpg]
[thecave.ec/wp-content/uploads/2019/11/band4-about-pic3.jpg]
[thecave.ec/the-band/index.html]
[thecave.ec/dummy.html]
[thecave.ec/origin=https_/index.html]
[thecave.ec/-negative.html]
[thecave.ec/OPR/index.html]
[thecave.ec/wp-content/plugins/forminator/assets/forminator-ui/fonts/forminator-icons-font8782.svg]
[thecave.ec/wp-content/uploads/elementor/css/post-130522.css]
[thecave.ec/index2dc4.html]
